### START 2026-09-17T13:58:23.009206+00:00 :: "/media/uttkarsh/New Volume/custom-scraper/.venv/bin/python" -u main.py --niche real_estate --max 4 --out data/leads.csv --workers 2 --seeds data/seeds.demo.txt
Using free Bing + DuckDuckGo + Mojeek discovery (no keys required).
Loaded 1 prior leads from data/leads.csv (1 unique domains).
Loaded 4 seed URLs from data/seeds.demo.txt

== Scraping niche: Real Estate & Property Development ==
2026-09-17 19:28:23,396 | INFO    | sources.collector | Probing https://trulinerealty.com
2026-09-17 19:28:23,397 | INFO    | sources.collector | Probing https://www.xrealty.ae
2026-09-17 19:28:23,397 | INFO    | sources.collector | Probing https://larealestateagency.com
2026-09-17 19:28:23,398 | INFO    | sources.collector | Probing https://www.theagencyre.com
2026-09-17 19:28:42,455 | INFO    | main | collected 2 qualified leads for real_estate
  collected 2 qualified leads for real_estate
2026-09-17 19:28:42,456 | INFO    | output.exporter | Merged 2 new leads with 1 existing -> 2 total
2026-09-17 19:28:42,457 | INFO    | output.exporter | Exported 2 leads to CSV: data/leads.csv

Done. Wrote 2 new leads to data/leads.csv
  1 prior leads were preserved/merged.
### EXIT code=0 at 2026-09-17T13:58:42.539944+00:00
### START 2026-09-18T05:12:22.338415+00:00 :: "/media/uttkarsh/New Volume/custom-scraper/.venv/bin/python" -u main.py --niche real_estate --max 2 --out data/leads.json --workers 1 --seeds data/seeds.demo.txt
Using free Bing + DuckDuckGo + Mojeek discovery (no keys required).
Loaded 8 prior leads from data/leads.json (8 unique domains).
Loaded 4 seed URLs from data/seeds.demo.txt

== Scraping niche: Real Estate & Property Development ==
2026-09-18 10:42:22,614 | INFO    | sources.collector | Probing https://trulinerealty.com
2026-09-18 10:42:22,615 | INFO    | sources.collector | Probing https://www.xrealty.ae
2026-09-18 10:42:22,616 | INFO    | sources.collector | Probing https://larealestateagency.com
2026-09-18 10:42:22,616 | INFO    | sources.collector | Probing https://www.theagencyre.com
2026-09-18 10:42:39,998 | INFO    | main | collected 2 qualified leads for real_estate
  collected 2 qualified leads for real_estate
2026-09-18 10:42:39,999 | INFO    | output.exporter | Merged 2 new leads with 8 existing -> 8 total
2026-09-18 10:42:39,999 | INFO    | output.exporter | Exported 8 leads to JSON: data/leads.json

Done. Wrote 2 new leads to data/leads.json
  8 prior leads were preserved/merged.
### EXIT code=0 at 2026-09-18T05:12:40.043430+00:00
### START 2026-09-18T05:49:10.693002+00:00 :: "/media/uttkarsh/New Volume/custom-scraper/.venv/bin/python" -u main.py --niche real_estate --max 3 --out output/dash_test.csv --workers 1 --seeds data/seeds.demo.txt --emails-only --min-quality 1
Using free Bing + DuckDuckGo + Mojeek discovery (no keys required).
Loaded 4 seed URLs from data/seeds.demo.txt

== Scraping niche: Real Estate & Property Development ==
2026-09-18 11:19:10,997 | INFO    | sources.collector | Probing https://trulinerealty.com
2026-09-18 11:19:10,998 | INFO    | sources.collector | Probing https://www.xrealty.ae
2026-09-18 11:19:11,000 | INFO    | sources.collector | Probing https://larealestateagency.com
2026-09-18 11:19:11,002 | INFO    | sources.collector | Probing https://www.theagencyre.com
2026-09-18 11:19:28,787 | INFO    | main | collected 2 qualified leads for real_estate
  collected 2 qualified leads for real_estate
  --emails-only: kept 1 leads with emails.
  --min-quality 1: kept 1 of 1 leads.
2026-09-18 11:19:28,787 | INFO    | output.exporter | Exported 1 leads to CSV: output/dash_test.csv

Done. Wrote 1 new leads to output/dash_test.csv
### EXIT code=0 at 2026-09-18T05:49:28.827845+00:00
### START 2026-09-18T06:50:51.964209+00:00 :: "/media/uttkarsh/New Volume/custom-scraper/.venv/bin/python" -u main.py --niche real_estate --max 6 --out data/leads.csv --workers 2
Using free Bing + DuckDuckGo + Mojeek discovery (no keys required).
Loaded 7 prior leads from data/leads.csv (7 unique domains).  Skipping those domains in search mode.

== Scraping niche: Real Estate & Property Development ==
2026-09-18 12:20:52,124 | INFO    | sources.collector | Searching: '"real estate" brokerage "contact us" -zillow -trulia -realtor.com'
2026-09-18 12:20:52,602 | WARNING | sources.search | Brave returned 429 for '"real estate" brokerage "contact us" -zillow -trulia -realtor.com'
2026-09-18 12:20:55,960 | INFO    | sources.collector | Searching: '"estate agency" "our team" "email"'
2026-09-18 12:20:55,961 | INFO    | sources.collector | Using cached results for '"estate agency" "our team" "email"' (5 urls)
2026-09-18 12:20:58,982 | INFO    | sources.collector | Searching: '"realty" "search homes" "contact" -"for rent" -zillow'
2026-09-18 12:20:58,982 | INFO    | sources.collector | Using cached results for '"realty" "search homes" "contact" -"for rent" -zillow' (1 urls)
2026-09-18 12:21:02,373 | INFO    | sources.collector | Searching: '"buying" "selling" "real estate" "get in touch"'
2026-09-18 12:21:06,468 | INFO    | sources.collector | Ranked 8 relevant candidates for real_estate (probe budget 18)
2026-09-18 12:21:06,469 | INFO    | sources.collector | Found 8 new candidate URLs for real_estate
2026-09-18 12:21:06,469 | INFO    | sources.collector | Probing https://emailmovers.com/email-data-list-of-estate-agents/
2026-09-18 12:21:06,470 | INFO    | sources.collector | Probing https://www.morethanwordsuk.co.uk/
2026-09-18 12:21:06,471 | INFO    | sources.collector | Probing https://real-agent.ai/
2026-09-18 12:21:06,472 | INFO    | sources.collector | Probing https://sellinghoustonteam.com/
2026-09-18 12:21:06,855 | INFO    | sources.collector | Probing https://www.rookmatthewssayer.co.uk/branches/morpeth-branch/
2026-09-18 12:21:08,202 | INFO    | sources.collector | Probing https://theestateagency.com/
2026-09-18 12:21:10,489 | INFO    | sources.collector | Probing https://spectre.uk.com/
2026-09-18 12:21:12,162 | WARNING | sources.search | Mojeek returned 403 for 'site:linkedin.com/company "rookmatthewssayer.co.uk"'
2026-09-18 12:21:12,384 | WARNING | sources.search | DuckDuckGo unavailable for 'site:linkedin.com/company "rookmatthewssayer.co.uk"'
2026-09-18 12:21:12,793 | INFO    | sources.collector | Probing https://www.realestatetobuyandsell.com/contact/
2026-09-18 12:21:14,511 | WARNING | sources.search | Mojeek returned 200 for 'site:instagram.com "spectre.uk.com"' (bot-checked)
2026-09-18 12:21:30,142 | WARNING | sources.search | Mojeek returned 403 for 'site:linkedin.com/company "sellinghoustonteam.com"'
2026-09-18 12:21:32,962 | INFO    | main | collected 5 qualified leads for real_estate
  collected 5 qualified leads for real_estate
2026-09-18 12:21:32,963 | INFO    | output.exporter | Merged 5 new leads with 7 existing -> 12 total
2026-09-18 12:21:32,963 | INFO    | output.exporter | Exported 12 leads to CSV: data/leads.csv

Done. Wrote 5 new leads to data/leads.csv
  7 prior leads were preserved/merged.
### EXIT code=0 at 2026-09-18T06:51:33.009265+00:00
### START 2026-09-18T07:06:46.388964+00:00 :: "/media/uttkarsh/New Volume/custom-scraper/.venv/bin/python" -u main.py --niche real_estate --max 13 --out data/leads.csv --workers 2 --emails-only
Using free Bing + DuckDuckGo + Mojeek discovery (no keys required).
Loaded 12 prior leads from data/leads.csv (12 unique domains).  Skipping those domains in search mode.

== Scraping niche: Real Estate & Property Development ==
2026-09-18 12:36:46,641 | INFO    | sources.collector | Searching: '"real estate" brokerage "contact us" -zillow -trulia -realtor.com'
2026-09-18 12:36:47,208 | WARNING | sources.search | Brave returned 429 for '"real estate" brokerage "contact us" -zillow -trulia -realtor.com'
2026-09-18 12:36:51,239 | INFO    | sources.collector | Searching: '"estate agency" "our team" "email"'
2026-09-18 12:36:51,240 | INFO    | sources.collector | Using cached results for '"estate agency" "our team" "email"' (5 urls)
2026-09-18 12:36:54,701 | INFO    | sources.collector | Searching: '"realty" "search homes" "contact" -"for rent" -zillow'
2026-09-18 12:36:54,702 | INFO    | sources.collector | Using cached results for '"realty" "search homes" "contact" -"for rent" -zillow' (1 urls)
2026-09-18 12:36:57,332 | INFO    | sources.collector | Searching: '"buying" "selling" "real estate" "get in touch"'
2026-09-18 12:36:57,333 | INFO    | sources.collector | Using cached results for '"buying" "selling" "real estate" "get in touch"' (2 urls)
2026-09-18 12:36:59,294 | INFO    | sources.collector | Ranked 3 relevant candidates for real_estate (probe budget 39)
2026-09-18 12:36:59,294 | INFO    | sources.collector | Found 3 new candidate URLs for real_estate
2026-09-18 12:36:59,294 | INFO    | sources.collector | Probing https://www.morethanwordsuk.co.uk/
2026-09-18 12:36:59,295 | INFO    | sources.collector | Probing https://theestateagency.com/
2026-09-18 12:36:59,295 | INFO    | sources.collector | Probing https://www.realestatetobuyandsell.com/contact/
2026-09-18 12:37:46,512 | INFO    | main | collected 0 qualified leads for real_estate
  collected 0 qualified leads for real_estate
  --emails-only: kept 0 leads with emails.
2026-09-18 12:37:46,515 | INFO    | output.exporter | Merged 0 new leads with 12 existing -> 12 total
2026-09-18 12:37:46,516 | INFO    | output.exporter | Exported 12 leads to CSV: data/leads.csv

Done. Wrote 0 new leads to data/leads.csv
  12 prior leads were preserved/merged.
### EXIT code=0 at 2026-09-18T07:07:46.553570+00:00
### START 2026-09-18T07:18:37.845085+00:00 :: "/media/uttkarsh/New Volume/custom-scraper/.venv/bin/python" -u main.py --niche real_estate --max 3 --out data/leads.csv --workers 1
Using free Bing + DuckDuckGo + Mojeek discovery (no keys required).
Loaded 10 prior leads from data/leads.csv (10 unique domains).  Skipping those domains in search mode.

== Scraping niche: Real Estate & Property Development ==
2026-09-18 12:48:38,068 | INFO    | sources.collector | Searching: '"real estate" brokerage "contact us" -zillow -trulia -realtor.com'
2026-09-18 12:48:38,069 | INFO    | sources.collector | Using cached results for '"real estate" brokerage "contact us" -zillow -trulia -realtor.com' (11 urls)
2026-09-18 12:48:40,609 | INFO    | sources.collector | Searching: '"estate agency" "our team" "email"'
2026-09-18 12:48:40,610 | INFO    | sources.collector | Using cached results for '"estate agency" "our team" "email"' (4 urls)
2026-09-18 12:48:43,841 | INFO    | sources.collector | Searching: '"realty" "search homes" "contact" -"for rent" -zillow'
### STOP requested by dashboard
### EXIT code=-15 at 2026-09-18T07:18:43.875229+00:00
### START 2026-09-18T07:52:39.592701+00:00 :: "/media/uttkarsh/New Volume/custom-scraper/.venv/bin/python" -u main.py --niche real_estate --max 14 --out data/leads.csv --workers 2
Using free Bing + DuckDuckGo + Mojeek discovery (no keys required).
Loaded 10 prior leads from data/leads.csv (10 unique domains).  Skipping those domains in search mode.

== Scraping niche: Real Estate & Property Development ==
2026-09-18 13:22:39,932 | INFO    | sources.collector | Searching: '"real estate" brokerage "contact us" -zillow -trulia -realtor.com'
2026-09-18 13:22:39,934 | INFO    | sources.collector | Using cached results for '"real estate" brokerage "contact us" -zillow -trulia -realtor.com' (11 urls)
2026-09-18 13:22:41,454 | INFO    | sources.collector | Searching: '"estate agency" "our team" "email"'
2026-09-18 13:22:41,456 | INFO    | sources.collector | Using cached results for '"estate agency" "our team" "email"' (4 urls)
2026-09-18 13:22:44,226 | INFO    | sources.collector | Searching: '"realty" "search homes" "contact" -"for rent" -zillow'
2026-09-18 13:22:50,338 | WARNING | sources.search | Brave request failed for '"realty" "search homes" "contact" -"for rent" -zillow': ('Connection aborted.', ConnectionResetError(104, 'Connection reset by peer'))
2026-09-18 13:22:51,064 | WARNING | sources.collector | Engine BingRssClient returned off-topic results for '"realty" "search homes" "contact" -"for rent" -zillow'; failing over
2026-09-18 13:22:51,769 | WARNING | sources.collector | Engine BingClient returned off-topic results for '"realty" "search homes" "contact" -"for rent" -zillow'; failing over
2026-09-18 13:22:52,882 | WARNING | sources.search | Mojeek returned 200 for '"realty" "search homes" "contact" -"for rent" -zillow' (bot-checked)
2026-09-18 13:22:53,329 | WARNING | sources.search | Ecosia returned 403 for '"realty" "search homes" "contact" -"for rent" -zillow'
2026-09-18 13:22:53,971 | WARNING | sources.search | DuckDuckGo unavailable for '"realty" "search homes" "contact" -"for rent" -zillow'
2026-09-18 13:23:09,487 | INFO    | sources.collector | Searching: '"buying" "selling" "real estate" "get in touch"'
2026-09-18 13:23:09,496 | INFO    | sources.collector | Using cached results for '"buying" "selling" "real estate" "get in touch"' (2 urls)
2026-09-18 13:23:11,706 | INFO    | sources.collector | Ranked 13 relevant candidates for real_estate (probe budget 42)
2026-09-18 13:23:11,707 | INFO    | sources.collector | Found 13 new candidate URLs for real_estate
2026-09-18 13:23:11,707 | INFO    | sources.collector | Probing https://www.realtyoutreach.com/states/new-york
2026-09-18 13:23:11,708 | INFO    | sources.collector | Probing https://www.realestateagentlist.net/
2026-09-18 13:23:11,708 | INFO    | sources.collector | Probing https://www.realtyoutreach.com/
2026-09-18 13:23:11,709 | INFO    | sources.collector | Probing https://onereal.com/
2026-09-18 13:23:15,411 | INFO    | sources.collector | Probing https://thebrokerage.vegas/
2026-09-18 13:23:16,973 | INFO    | sources.collector | Probing https://www.realtyofamerica.com/contact-us
2026-09-18 13:23:17,841 | INFO    | sources.collector | Probing https://realnorthernvirginia.com/
2026-09-18 13:23:18,444 | WARNING | core.network | Blocked (403) on https://realnorthernvirginia.com/, rotating proxy
2026-09-18 13:23:20,591 | WARNING | core.network | Blocked (403) on https://realnorthernvirginia.com/, rotating proxy
2026-09-18 13:23:23,156 | WARNING | core.network | Rate limited on https://www.realtyofamerica.com/contact-us, backing off
2026-09-18 13:23:23,662 | INFO    | sources.collector | Probing https://www.morethanwordsuk.co.uk/
2026-09-18 13:23:24,875 | WARNING | sources.search | Mojeek returned 200 for 'site:instagram.com "thebrokerage.vegas"' (bot-checked)
2026-09-18 13:23:25,386 | WARNING | core.network | Rate limited on https://www.realtyofamerica.com/contact-us, backing off
2026-09-18 13:23:26,177 | INFO    | sources.collector | Probing https://chicagorealtor.com/about-us/contact-us/
2026-09-18 13:23:26,588 | INFO    | sources.collector | Probing https://joinreal.com/
2026-09-18 13:23:27,194 | WARNING | sources.search | Mojeek returned 403 for 'site:linkedin.com/company "thebrokerage.vegas"'
2026-09-18 13:23:27,202 | INFO    | sources.collector | Probing https://theestateagency.com/
2026-09-18 13:23:27,801 | INFO    | sources.collector | Probing https://spectre.uk.com/
2026-09-18 13:23:27,891 | INFO    | sources.collector | Probing https://www.realestatetobuyandsell.com/contact/
2026-09-18 13:23:28,943 | WARNING | core.network | Blocked (403) on https://chicagorealtor.com/about-us/contact-us/, rotating proxy
2026-09-18 13:23:32,470 | WARNING | core.network | Blocked (403) on https://chicagorealtor.com/about-us/contact-us/, rotating proxy
2026-09-18 13:23:58,459 | INFO    | main | collected 0 qualified leads for real_estate
  collected 0 qualified leads for real_estate
2026-09-18 13:23:58,464 | INFO    | output.exporter | Merged 0 new leads with 10 existing -> 10 total
2026-09-18 13:23:58,466 | INFO    | output.exporter | Exported 10 leads to CSV: data/leads.csv

Done. Wrote 0 new leads to data/leads.csv
  10 prior leads were preserved/merged.
### EXIT code=0 at 2026-09-18T07:53:58.572381+00:00
### START 2026-09-18T07:54:20.761877+00:00 :: "/media/uttkarsh/New Volume/custom-scraper/.venv/bin/python" -u main.py --niche real_estate --max 14 --out data/leads.csv --workers 2
Using free Bing + DuckDuckGo + Mojeek discovery (no keys required).
Loaded 10 prior leads from data/leads.csv (10 unique domains).  Skipping those domains in search mode.

== Scraping niche: Real Estate & Property Development ==
2026-09-18 13:24:20,990 | INFO    | sources.collector | Searching: '"real estate" brokerage "contact us" -zillow -trulia -realtor.com'
2026-09-18 13:24:20,991 | INFO    | sources.collector | Using cached results for '"real estate" brokerage "contact us" -zillow -trulia -realtor.com' (11 urls)
2026-09-18 13:24:23,762 | INFO    | sources.collector | Searching: '"estate agency" "our team" "email"'
2026-09-18 13:24:23,762 | INFO    | sources.collector | Using cached results for '"estate agency" "our team" "email"' (4 urls)
2026-09-18 13:24:26,313 | INFO    | sources.collector | Searching: '"realty" "search homes" "contact" -"for rent" -zillow'
2026-09-18 13:24:31,728 | WARNING | sources.search | Brave returned 429 for '"realty" "search homes" "contact" -"for rent" -zillow'
2026-09-18 13:24:32,180 | WARNING | sources.collector | Engine BingRssClient returned off-topic results for '"realty" "search homes" "contact" -"for rent" -zillow'; failing over
2026-09-18 13:24:32,652 | WARNING | sources.collector | Engine BingClient returned off-topic results for '"realty" "search homes" "contact" -"for rent" -zillow'; failing over
2026-09-18 13:24:33,245 | WARNING | sources.search | Mojeek returned 200 for '"realty" "search homes" "contact" -"for rent" -zillow' (bot-checked)
2026-09-18 13:24:33,359 | WARNING | sources.search | Ecosia returned 403 for '"realty" "search homes" "contact" -"for rent" -zillow'
2026-09-18 13:24:33,587 | WARNING | sources.search | DuckDuckGo unavailable for '"realty" "search homes" "contact" -"for rent" -zillow'
2026-09-18 13:24:48,504 | INFO    | sources.collector | Searching: '"buying" "selling" "real estate" "get in touch"'
2026-09-18 13:24:48,505 | INFO    | sources.collector | Using cached results for '"buying" "selling" "real estate" "get in touch"' (2 urls)
2026-09-18 13:24:50,576 | INFO    | sources.collector | Ranked 13 relevant candidates for real_estate (probe budget 42)
2026-09-18 13:24:50,576 | INFO    | sources.collector | Found 13 new candidate URLs for real_estate
2026-09-18 13:24:50,576 | INFO    | sources.collector | Probing https://www.realtyoutreach.com/states/new-york
2026-09-18 13:24:50,576 | INFO    | sources.collector | Probing https://www.realestateagentlist.net/
2026-09-18 13:24:50,577 | INFO    | sources.collector | Probing https://www.realtyoutreach.com/
2026-09-18 13:24:50,578 | INFO    | sources.collector | Probing https://onereal.com/
2026-09-18 13:24:51,585 | INFO    | sources.collector | Probing https://thebrokerage.vegas/
2026-09-18 13:24:52,777 | INFO    | sources.collector | Probing https://www.realtyofamerica.com/contact-us
2026-09-18 13:24:53,423 | WARNING | core.network | Rate limited on https://www.realtyofamerica.com/contact-us, backing off
2026-09-18 13:24:56,396 | WARNING | core.network | Rate limited on https://www.realtyofamerica.com/contact-us, backing off
2026-09-18 13:24:56,691 | INFO    | sources.collector | Probing https://realnorthernvirginia.com/
2026-09-18 13:24:56,783 | WARNING | core.network | Blocked (403) on https://realnorthernvirginia.com/, rotating proxy
2026-09-18 13:25:00,083 | WARNING | core.network | Blocked (403) on https://realnorthernvirginia.com/, rotating proxy
2026-09-18 13:25:01,466 | INFO    | sources.collector | Probing https://www.morethanwordsuk.co.uk/
2026-09-18 13:25:03,011 | INFO    | sources.collector | Probing https://chicagorealtor.com/about-us/contact-us/
2026-09-18 13:25:03,323 | INFO    | sources.collector | Probing https://joinreal.com/
2026-09-18 13:25:05,383 | INFO    | sources.collector | Probing https://theestateagency.com/
2026-09-18 13:25:05,415 | INFO    | sources.collector | Probing https://spectre.uk.com/
2026-09-18 13:25:06,997 | INFO    | sources.collector | Probing https://www.realestatetobuyandsell.com/contact/
2026-09-18 13:25:08,521 | WARNING | core.network | Blocked (403) on https://chicagorealtor.com/about-us/contact-us/, rotating proxy
2026-09-18 13:25:08,930 | WARNING | sources.search | Mojeek returned 200 for 'site:instagram.com "thebrokerage.vegas"' (bot-checked)
2026-09-18 13:25:11,544 | WARNING | sources.search | Mojeek returned 403 for 'site:linkedin.com/company "thebrokerage.vegas"'
2026-09-18 13:25:11,732 | WARNING | core.network | Blocked (403) on https://chicagorealtor.com/about-us/contact-us/, rotating proxy
2026-09-18 13:25:22,600 | INFO    | main | collected 0 qualified leads for real_estate
  collected 0 qualified leads for real_estate
2026-09-18 13:25:22,602 | INFO    | output.exporter | Merged 0 new leads with 10 existing -> 10 total
2026-09-18 13:25:22,604 | INFO    | output.exporter | Exported 10 leads to CSV: data/leads.csv

Done. Wrote 0 new leads to data/leads.csv
  10 prior leads were preserved/merged.
### EXIT code=0 at 2026-09-18T07:55:22.649203+00:00
### START 2026-09-18T07:57:19.851972+00:00 :: "/media/uttkarsh/New Volume/custom-scraper/.venv/bin/python" -u main.py --niche real_estate --max 4 --out output/proof.csv --workers 2 --seeds data/seeds.demo.txt
Using free Bing + DuckDuckGo + Mojeek discovery (no keys required).
Loaded 4 seed URLs from data/seeds.demo.txt

== Scraping niche: Real Estate & Property Development ==
2026-09-18 13:27:20,244 | INFO    | sources.collector | Probing https://trulinerealty.com
2026-09-18 13:27:20,245 | INFO    | sources.collector | Probing https://www.xrealty.ae
2026-09-18 13:27:20,246 | INFO    | sources.collector | Probing https://larealestateagency.com
2026-09-18 13:27:20,247 | INFO    | sources.collector | Probing https://www.theagencyre.com
2026-09-18 13:27:55,791 | INFO    | main | collected 2 qualified leads for real_estate
  collected 2 qualified leads for real_estate
2026-09-18 13:27:55,802 | INFO    | output.exporter | Exported 2 leads to CSV: output/proof.csv

Done. Wrote 2 new leads to output/proof.csv
### EXIT code=0 at 2026-09-18T07:57:55.990638+00:00
### START 2026-09-18T08:57:16.253343+00:00 :: "/media/uttkarsh/New Volume/custom-scraper/.venv/bin/python" -u main.py --niche real_estate --max 6 --out data/leads.csv --workers 2
Using free Bing + DuckDuckGo + Mojeek discovery (no keys required).
Loaded 10 prior leads from data/leads.csv (10 unique domains).  Skipping those domains in search mode.

== Scraping niche: Real Estate & Property Development ==
2026-09-18 14:27:16,725 | INFO    | sources.collector | Searching: '"real estate" brokerage "contact us" -zillow -trulia -realtor.com'
2026-09-18 14:27:16,728 | INFO    | sources.collector | Using cached results for '"real estate" brokerage "contact us" -zillow -trulia -realtor.com' (11 urls)
2026-09-18 14:27:18,709 | INFO    | sources.collector | Searching: '"estate agency" "our team" "email"'
2026-09-18 14:27:18,710 | INFO    | sources.collector | Using cached results for '"estate agency" "our team" "email"' (4 urls)
2026-09-18 14:27:20,472 | INFO    | sources.collector | Searching: '"realty" "search homes" "contact" -"for rent" -zillow'
2026-09-18 14:27:22,905 | WARNING | sources.search | Brave returned 429 for '"realty" "search homes" "contact" -"for rent" -zillow'
2026-09-18 14:27:25,415 | INFO    | sources.collector | Searching: '"buying" "selling" "real estate" "get in touch"'
2026-09-18 14:27:25,417 | INFO    | sources.collector | Using cached results for '"buying" "selling" "real estate" "get in touch"' (2 urls)
2026-09-18 14:27:28,887 | INFO    | sources.collector | Ranked 13 relevant candidates for real_estate (probe budget 18)
2026-09-18 14:27:28,888 | INFO    | sources.collector | Found 13 new candidate URLs for real_estate
2026-09-18 14:27:28,888 | INFO    | sources.collector | Probing https://www.realtyoutreach.com/states/new-york
2026-09-18 14:27:28,889 | INFO    | sources.collector | Probing https://www.realestateagentlist.net/
2026-09-18 14:27:28,889 | INFO    | sources.collector | Probing https://www.realtyoutreach.com/
2026-09-18 14:27:28,890 | INFO    | sources.collector | Probing https://onereal.com/
2026-09-18 14:27:29,440 | INFO    | sources.collector | Probing https://thebrokerage.vegas/
2026-09-18 14:27:34,391 | INFO    | sources.collector | Probing https://www.realtyofamerica.com/contact-us
2026-09-18 14:27:35,601 | INFO    | sources.collector | Probing https://realnorthernvirginia.com/
2026-09-18 14:27:35,734 | WARNING | core.network | Rate limited on https://www.realtyofamerica.com/contact-us, backing off
2026-09-18 14:27:35,848 | WARNING | core.network | Blocked (403) on https://realnorthernvirginia.com/, rotating proxy
2026-09-18 14:27:39,069 | WARNING | core.network | Blocked (403) on https://realnorthernvirginia.com/, rotating proxy
2026-09-18 14:27:39,559 | WARNING | core.network | Rate limited on https://www.realtyofamerica.com/contact-us, backing off
2026-09-18 14:27:42,284 | INFO    | sources.collector | Probing https://www.morethanwordsuk.co.uk/
2026-09-18 14:27:44,041 | INFO    | sources.collector | Probing https://chicagorealtor.com/about-us/contact-us/
2026-09-18 14:27:44,478 | INFO    | sources.collector | Probing https://joinreal.com/
2026-09-18 14:27:45,176 | INFO    | sources.collector | Probing https://theestateagency.com/
2026-09-18 14:27:46,310 | INFO    | sources.collector | Probing https://spectre.uk.com/
2026-09-18 14:27:46,770 | WARNING | sources.search | Mojeek returned 200 for 'site:instagram.com "thebrokerage.vegas"' (bot-checked)
2026-09-18 14:27:46,858 | WARNING | core.network | Blocked (403) on https://chicagorealtor.com/about-us/contact-us/, rotating proxy
2026-09-18 14:27:46,867 | INFO    | sources.collector | Probing https://www.realestatetobuyandsell.com/contact/
2026-09-18 14:27:47,188 | WARNING | sources.search | DuckDuckGo unavailable for 'site:instagram.com "thebrokerage.vegas"'
2026-09-18 14:27:48,736 | WARNING | sources.search | Mojeek returned 403 for 'site:linkedin.com/company "thebrokerage.vegas"'
2026-09-18 14:27:49,223 | WARNING | core.network | Blocked (403) on https://chicagorealtor.com/about-us/contact-us/, rotating proxy
2026-09-18 14:27:56,884 | INFO    | main | collected 0 qualified leads for real_estate
  collected 0 qualified leads for real_estate
2026-09-18 14:27:56,887 | INFO    | output.exporter | Merged 0 new leads with 10 existing -> 10 total
2026-09-18 14:27:56,888 | INFO    | output.exporter | Exported 10 leads to CSV: data/leads.csv

Done. Wrote 0 new leads to data/leads.csv
  10 prior leads were preserved/merged.
### EXIT code=0 at 2026-09-18T08:57:56.939882+00:00
### START 2026-09-18T09:17:00.427639+00:00 :: "/media/uttkarsh/New Volume/custom-scraper/.venv/bin/python" -u main.py --niche real_estate --max 6 --out data/leads.csv --workers 2
Using free Bing + DuckDuckGo + Mojeek discovery (no keys required).
Loaded 10 prior leads from data/leads.csv (10 unique domains).  Skipping those domains in search mode.

== Scraping niche: Real Estate & Property Development ==
2026-09-18 14:47:00,664 | INFO    | sources.collector | Searching: '"real estate" brokerage "contact us" -zillow -trulia -realtor.com'
2026-09-18 14:47:00,666 | INFO    | sources.collector | Using cached results for '"real estate" brokerage "contact us" -zillow -trulia -realtor.com' (11 urls)
2026-09-18 14:47:02,576 | INFO    | sources.collector | Searching: '"estate agency" "our team" "email"'
2026-09-18 14:47:02,581 | INFO    | sources.collector | Using cached results for '"estate agency" "our team" "email"' (4 urls)
2026-09-18 14:47:05,872 | INFO    | sources.collector | Searching: '"realty" "search homes" "contact" -"for rent" -zillow'
2026-09-18 14:47:06,347 | WARNING | sources.search | Brave returned 429 for '"realty" "search homes" "contact" -"for rent" -zillow'
2026-09-18 14:47:09,792 | INFO    | sources.collector | Searching: '"buying" "selling" "real estate" "get in touch"'
2026-09-18 14:47:09,793 | INFO    | sources.collector | Using cached results for '"buying" "selling" "real estate" "get in touch"' (2 urls)
2026-09-18 14:47:11,874 | INFO    | sources.collector | Ranked 18 relevant candidates for real_estate (probe budget 18)
2026-09-18 14:47:11,874 | INFO    | sources.collector | Found 18 new candidate URLs for real_estate
2026-09-18 14:47:11,874 | INFO    | sources.collector | Probing https://www.realtyoutreach.com/states/new-york
2026-09-18 14:47:11,876 | INFO    | sources.collector | Probing https://www.realestateagentlist.net/
2026-09-18 14:47:11,876 | INFO    | sources.collector | Probing https://www.realtyoutreach.com/
2026-09-18 14:47:11,877 | INFO    | sources.collector | Probing https://onereal.com/
2026-09-18 14:47:12,265 | INFO    | sources.collector | Probing https://thebrokerage.vegas/
2026-09-18 14:47:13,057 | INFO    | sources.collector | Probing https://raymondrealty.in/
2026-09-18 14:47:13,471 | INFO    | sources.collector | Probing https://ruparel.in/
2026-09-18 14:47:13,512 | INFO    | sources.collector | Probing https://www.starofservice.in/dir/maharashtra/mumbai/kurla/real-estate-agent-services
2026-09-18 14:47:14,296 | INFO    | sources.collector | Probing https://www.realtyofamerica.com/contact-us
2026-09-18 14:47:14,478 | INFO    | sources.collector | Probing https://realnorthernvirginia.com/
2026-09-18 14:47:16,577 | WARNING | core.network | Rate limited on https://www.realtyofamerica.com/contact-us, backing off
2026-09-18 14:47:19,404 | WARNING | core.network | Rate limited on https://www.realtyofamerica.com/contact-us, backing off
2026-09-18 14:47:21,047 | WARNING | sources.search | Mojeek returned 200 for 'site:instagram.com "raymondrealty.in"' (bot-checked)
2026-09-18 14:47:21,256 | WARNING | sources.search | DuckDuckGo unavailable for 'site:instagram.com "raymondrealty.in"'
2026-09-18 14:47:21,991 | WARNING | core.network | Blocked (403) on https://realnorthernvirginia.com/, rotating proxy
2026-09-18 14:47:22,733 | WARNING | sources.search | Mojeek returned 403 for 'site:linkedin.com/company "raymondrealty.in"'
2026-09-18 14:47:22,751 | INFO    | sources.collector | Probing https://www.morethanwordsuk.co.uk/
2026-09-18 14:47:23,253 | INFO    | sources.collector | Probing https://sawlarealty.com/
2026-09-18 14:47:23,927 | WARNING | sources.search | Mojeek returned 200 for 'site:instagram.com "thebrokerage.vegas"' (bot-checked)
2026-09-18 14:47:24,092 | WARNING | core.network | Blocked (403) on https://realnorthernvirginia.com/, rotating proxy
2026-09-18 14:47:24,996 | INFO    | sources.collector | Probing https://nationalrealty.co.in/
2026-09-18 14:47:25,423 | WARNING | sources.search | Mojeek returned 403 for 'site:linkedin.com/company "thebrokerage.vegas"'
2026-09-18 14:47:25,424 | INFO    | sources.collector | Probing https://chicagorealtor.com/about-us/contact-us/
2026-09-18 14:47:25,922 | WARNING | core.network | Blocked (403) on https://chicagorealtor.com/about-us/contact-us/, rotating proxy
2026-09-18 14:47:26,870 | INFO    | sources.collector | Probing https://joinreal.com/
2026-09-18 14:47:27,484 | WARNING | sources.search | Mojeek returned 200 for 'site:instagram.com "sawlarealty.com"' (bot-checked)
2026-09-18 14:47:28,156 | WARNING | core.network | Blocked (403) on https://chicagorealtor.com/about-us/contact-us/, rotating proxy
2026-09-18 14:47:28,705 | WARNING | sources.search | Mojeek returned 200 for 'site:instagram.com "nationalrealty.co.in"' (bot-checked)
2026-09-18 14:47:28,721 | INFO    | sources.collector | Probing https://theestateagency.com/
2026-09-18 14:47:28,907 | WARNING | sources.search | Mojeek returned 403 for 'site:linkedin.com/company "sawlarealty.com"'
2026-09-18 14:47:28,925 | INFO    | sources.collector | Probing https://spectre.uk.com/
2026-09-18 14:47:29,956 | INFO    | sources.collector | Probing https://www.realestatetobuyandsell.com/contact/
2026-09-18 14:48:14,408 | INFO    | main | collected 4 qualified leads for real_estate
  collected 4 qualified leads for real_estate
2026-09-18 14:48:14,412 | INFO    | output.exporter | Merged 4 new leads with 10 existing -> 14 total
2026-09-18 14:48:14,419 | INFO    | output.exporter | Exported 14 leads to CSV: data/leads.csv

Done. Wrote 4 new leads to data/leads.csv
  10 prior leads were preserved/merged.
### EXIT code=0 at 2026-09-18T09:18:14.512270+00:00
